  Claude Code usage · by session · all time

  Title                           Session   from     water  tokens   cost
  refactor the billing module     aaaaaaaa  custom  342 mL    1.1M  $3.46
  Dashboard layout and chart wo…  bbbbbbbb  ai      264 mL  881.0K  $2.61
  a deliberately long session t…  cccccccc  custom  186 mL  621.0K  $0.70
  —                               dddddddd  —        78 mL  261.0K  $0.34

  ─ Cost is what this usage would cost at API rates, not what you were billed;
    Claude Code on a subscription draws from your plan allowance instead.
  ─ Water assumes 0.30 mL / 1k tokens, a rough estimate. See README.
